Flow report for scp
Sat May 19 22:20:58 2018
Quartus Prime Version 17.1.0 Build 590 10/25/2017 SJ Lite Edition


---------------------
; Table of Contents ;
---------------------
  1. Legal Notice
  2. Flow Summary
  3. Flow Settings
  4. Flow Non-Default Global Settings
  5. Flow Elapsed Time
  6. Flow OS Summary
  7. Flow Log
  8. Flow Messages
  9. Flow Suppressed Messages



----------------
; Legal Notice ;
----------------
Copyright (C) 2017  Intel Corporation. All rights reserved.
Your use of Intel Corporation's design tools, logic functions 
and other software and tools, and its AMPP partner logic 
functions, and any output files from any of the foregoing 
(including device programming or simulation files), and any 
associated documentation or information are expressly subject 
to the terms and conditions of the Intel Program License 
Subscription Agreement, the Intel Quartus Prime License Agreement,
the Intel FPGA IP License Agreement, or other applicable license
agreement, including, without limitation, that your use is for
the sole purpose of programming logic devices manufactured by
Intel and sold by Intel or its authorized distributors.  Please
refer to the applicable agreement for further details.



+-------------------------------------------------------------------------------+
; Flow Summary                                                                  ;
+---------------------------------+---------------------------------------------+
; Flow Status                     ; Successful - Sat May 19 22:20:58 2018       ;
; Quartus Prime Version           ; 17.1.0 Build 590 10/25/2017 SJ Lite Edition ;
; Revision Name                   ; scp                                         ;
; Top-level Entity Name           ; scp                                         ;
; Family                          ; Cyclone V                                   ;
; Device                          ; 5CSEMA4U23C6                                ;
; Timing Models                   ; Final                                       ;
; Logic utilization (in ALMs)     ; 106 / 15,880 ( < 1 % )                      ;
; Total registers                 ; 92                                          ;
; Total pins                      ; 14 / 314 ( 4 % )                            ;
; Total virtual pins              ; 0                                           ;
; Total block memory bits         ; 547,840 / 2,764,800 ( 20 % )                ;
; Total DSP Blocks                ; 0 / 84 ( 0 % )                              ;
; Total HSSI RX PCSs              ; 0                                           ;
; Total HSSI PMA RX Deserializers ; 0                                           ;
; Total HSSI TX PCSs              ; 0                                           ;
; Total HSSI PMA TX Serializers   ; 0                                           ;
; Total PLLs                      ; 1 / 5 ( 20 % )                              ;
; Total DLLs                      ; 0 / 4 ( 0 % )                               ;
+---------------------------------+---------------------------------------------+


+-----------------------------------------+
; Flow Settings                           ;
+-------------------+---------------------+
; Option            ; Setting             ;
+-------------------+---------------------+
; Start date & time ; 05/19/2018 22:10:31 ;
; Main task         ; Compilation         ;
; Revision Name     ; scp                 ;
+-------------------+---------------------+


+-----------------------------------------------------------------------------------------------------------------------------+
; Flow Non-Default Global Settings                                                                                            ;
+-------------------------------------+----------------------------------------+---------------+-------------+----------------+
; Assignment Name                     ; Value                                  ; Default Value ; Entity Name ; Section Id     ;
+-------------------------------------+----------------------------------------+---------------+-------------+----------------+
; COMPILER_SIGNATURE_ID               ; 220083050252176.152678943105864        ; --            ; --          ; --             ;
; EDA_OUTPUT_DATA_FORMAT              ; Verilog Hdl                            ; --            ; --          ; eda_simulation ;
; EDA_SIMULATION_TOOL                 ; ModelSim-Altera (Verilog)              ; <None>        ; --          ; --             ;
; EDA_TIME_SCALE                      ; 1 ps                                   ; --            ; --          ; eda_simulation ;
; MAX_CORE_JUNCTION_TEMP              ; 85                                     ; --            ; --          ; --             ;
; MIN_CORE_JUNCTION_TEMP              ; 0                                      ; --            ; --          ; --             ;
; MISC_FILE                           ; pll.cmp                                ; --            ; --          ; --             ;
; MISC_FILE                           ; pll_sim/pll.vo                         ; --            ; --          ; --             ;
; MISC_FILE                           ; ram/ram_mega.bsf                       ; --            ; --          ; --             ;
; MISC_FILE                           ; ram/ram_mega_bb.v                      ; --            ; --          ; --             ;
; MISC_FILE                           ; decode/rom_mega.bsf                    ; --            ; --          ; --             ;
; MISC_FILE                           ; decode/rom_mega_bb.v                   ; --            ; --          ; --             ;
; NUM_PARALLEL_PROCESSORS             ; 4                                      ; --            ; --          ; --             ;
; PARTITION_COLOR                     ; -- (Not supported for targeted family) ; --            ; --          ; Top            ;
; PARTITION_FITTER_PRESERVATION_LEVEL ; -- (Not supported for targeted family) ; --            ; --          ; Top            ;
; PARTITION_NETLIST_TYPE              ; -- (Not supported for targeted family) ; --            ; --          ; Top            ;
; POWER_BOARD_THERMAL_MODEL           ; None (CONSERVATIVE)                    ; --            ; --          ; --             ;
; POWER_PRESET_COOLING_SOLUTION       ; 23 MM HEAT SINK WITH 200 LFPM AIRFLOW  ; --            ; --          ; --             ;
; PROJECT_OUTPUT_DIRECTORY            ; output_files                           ; --            ; --          ; --             ;
; SMART_RECOMPILE                     ; On                                     ; Off           ; --          ; --             ;
; SPD_FILE                            ; pll.spd                                ; --            ; --          ; --             ;
; SYNTHESIS_ONLY_QIP                  ; On                                     ; --            ; --          ; --             ;
+-------------------------------------+----------------------------------------+---------------+-------------+----------------+


+-------------------------------------------------------------------------------------------------------------------------------+
; Flow Elapsed Time                                                                                                             ;
+---------------------------+--------------+-------------------------+---------------------+------------------------------------+
; Module Name               ; Elapsed Time ; Average Processors Used ; Peak Virtual Memory ; Total CPU Time (on all processors) ;
+---------------------------+--------------+-------------------------+---------------------+------------------------------------+
; Analysis & Synthesis      ; 00:00:20     ; 1.0                     ; 1082 MB             ; 00:00:45                           ;
; Fitter                    ; 00:00:59     ; 1.2                     ; 2279 MB             ; 00:02:18                           ;
; Assembler                 ; 00:00:06     ; 1.0                     ; 984 MB              ; 00:00:07                           ;
; TimeQuest Timing Analyzer ; 00:00:11     ; 1.8                     ; 1209 MB             ; 00:00:16                           ;
; EDA Netlist Writer        ; 00:00:02     ; 1.0                     ; 1212 MB             ; 00:00:02                           ;
; MIF/HEX Update            ; 00:00:03     ; 1.0                     ; 1285 MB             ; 00:00:03                           ;
; Assembler                 ; 00:00:07     ; 1.0                     ; 983 MB              ; 00:00:07                           ;
; EDA Netlist Writer        ; 00:00:02     ; 1.0                     ; 1213 MB             ; 00:00:02                           ;
; MIF/HEX Update            ; 00:00:03     ; 1.0                     ; 1287 MB             ; 00:00:03                           ;
; Assembler                 ; 00:00:07     ; 1.0                     ; 986 MB              ; 00:00:07                           ;
; EDA Netlist Writer        ; 00:00:02     ; 1.0                     ; 1217 MB             ; 00:00:02                           ;
; Total                     ; 00:02:02     ; --                      ; --                  ; 00:03:52                           ;
+---------------------------+--------------+-------------------------+---------------------+------------------------------------+


+--------------------------------------------------------------------------------------------+
; Flow OS Summary                                                                            ;
+---------------------------+-------------------+--------------+------------+----------------+
; Module Name               ; Machine Hostname  ; OS Name      ; OS Version ; Processor type ;
+---------------------------+-------------------+--------------+------------+----------------+
; Analysis & Synthesis      ; ubuntu-MacBookPro ; Ubuntu 18.04 ; 18         ; x86_64         ;
; Fitter                    ; ubuntu-MacBookPro ; Ubuntu 18.04 ; 18         ; x86_64         ;
; Assembler                 ; ubuntu-MacBookPro ; Ubuntu 18.04 ; 18         ; x86_64         ;
; TimeQuest Timing Analyzer ; ubuntu-MacBookPro ; Ubuntu 18.04 ; 18         ; x86_64         ;
; EDA Netlist Writer        ; ubuntu-MacBookPro ; Ubuntu 18.04 ; 18         ; x86_64         ;
; MIF/HEX Update            ; ubuntu-MacBookPro ; Ubuntu 18.04 ; 18         ; x86_64         ;
; Assembler                 ; ubuntu-MacBookPro ; Ubuntu 18.04 ; 18         ; x86_64         ;
; EDA Netlist Writer        ; ubuntu-MacBookPro ; Ubuntu 18.04 ; 18         ; x86_64         ;
; MIF/HEX Update            ; ubuntu-MacBookPro ; Ubuntu 18.04 ; 18         ; x86_64         ;
; Assembler                 ; ubuntu-MacBookPro ; Ubuntu 18.04 ; 18         ; x86_64         ;
; EDA Netlist Writer        ; ubuntu-MacBookPro ; Ubuntu 18.04 ; 18         ; x86_64         ;
+---------------------------+-------------------+--------------+------------+----------------+


------------
; Flow Log ;
------------
quartus_map --read_settings_files=on --write_settings_files=off scp -c scp
quartus_fit --read_settings_files=off --write_settings_files=off scp -c scp
quartus_asm --read_settings_files=off --write_settings_files=off scp -c scp
quartus_sta scp -c scp
quartus_eda --read_settings_files=off --write_settings_files=off scp -c scp
quartus_cdb scp -c scp --update_mif
quartus_asm --read_settings_files=on --write_settings_files=off scp -c scp
quartus_eda --read_settings_files=off --write_settings_files=off scp -c scp
quartus_cdb scp -c scp --update_mif
quartus_asm --read_settings_files=on --write_settings_files=off scp -c scp
quartus_eda --read_settings_files=off --write_settings_files=off scp -c scp



