MIF/HEX Update report for scp
Sun Nov 24 20:47:39 2019
Quartus Prime Version 19.1.0 Build 670 09/22/2019 SJ Lite Edition


---------------------
; Table of Contents ;
---------------------
  1. Legal Notice
  2. MIF/HEX Update Summary
  3. MIF/HEX Update Processed Files
  4. MIF/HEX Update Messages



----------------
; Legal Notice ;
----------------
Copyright (C) 2019  Intel Corporation. All rights reserved.
Your use of Intel Corporation's design tools, logic functions 
and other software and tools, and any partner logic 
functions, and any output files from any of the foregoing 
(including device programming or simulation files), and any 
associated documentation or information are expressly subject 
to the terms and conditions of the Intel Program License 
Subscription Agreement, the Intel Quartus Prime License Agreement,
the Intel FPGA IP License Agreement, or other applicable license
agreement, including, without limitation, that your use is for
the sole purpose of programming logic devices manufactured by
Intel and sold by Intel or its authorized distributors.  Please
refer to the applicable agreement for further details, at
https://fpgasoftware.intel.com/eula.



+---------------------------------------------------------------+
; MIF/HEX Update Summary                                        ;
+-----------------------+---------------------------------------+
; MIF/HEX Update Status ; Successful - Sun Nov 24 20:47:39 2019 ;
; Revision Name         ; scp                                   ;
; Top-level Entity Name ; scp                                   ;
; Family                ; Cyclone V                             ;
; Device                ; 5CSEMA4U23C6                          ;
+-----------------------+---------------------------------------+


+-------------------------------------------------+
; MIF/HEX Update Processed Files                  ;
+-------------------------------------------------+
; File Name                                       ;
+-------------------------------------------------+
; /home/edward/Documents/scp/quartus/init_mem.mif ;
+-------------------------------------------------+


+-------------------------+
; MIF/HEX Update Messages ;
+-------------------------+
Warning (125092): Tcl Script File ram/ram_mega.qip not found
    Info (125063): set_global_assignment -name QIP_FILE ram/ram_mega.qip
Info: *******************************************************************
Info: Running Quartus Prime MIF/HEX Update
    Info: Version 19.1.0 Build 670 09/22/2019 SJ Lite Edition
    Info: Processing started: Sun Nov 24 20:47:35 2019
Info: Command: quartus_cdb scp -c scp --update_mif
Warning (39023): Can't find Memory Initialization File ram/ram_mega_cnts.mif -- skipped updates for this file
Warning (39023): Can't find Memory Initialization File IO/vga/gfx_init.mif -- skipped updates for this file
Info (39024): Processed the following Memory Initialization File(s)
    Info (39025): Processed Memory Initialization File /home/edward/Documents/scp/quartus/init_mem.mif File: /home/edward/Documents/scp/quartus/init_mem.mif Line: 0
Info: Quartus Prime MIF/HEX Update was successful. 0 errors, 3 warnings
    Info: Peak virtual memory: 1194 megabytes
    Info: Processing ended: Sun Nov 24 20:47:39 2019
    Info: Elapsed time: 00:00:04
    Info: Total CPU time (on all processors): 00:00:04


