------------------------------------------------------------
TimeQuest Timing Analyzer Summary
------------------------------------------------------------

Type  : Slow 1100mV 85C Model Setup 'inst9|pll_inst|altera_pll_i|general[0].gpll~PLL_OUTPUT_COUNTER|divclk'
Slack : -6.383
TNS   : -12.765

Type  : Slow 1100mV 85C Model Setup 'inst9|pll_inst|altera_pll_i|general[2].gpll~PLL_OUTPUT_COUNTER|divclk'
Slack : -0.235
TNS   : -0.538

Type  : Slow 1100mV 85C Model Setup 'inst9|pll_inst|altera_pll_i|general[1].gpll~PLL_OUTPUT_COUNTER|divclk'
Slack : 4.156
TNS   : 0.000

Type  : Slow 1100mV 85C Model Setup 'inst|vga_pll_inst|altera_pll_i|general[1].gpll~PLL_OUTPUT_COUNTER|divclk'
Slack : 4.387
TNS   : 0.000

Type  : Slow 1100mV 85C Model Setup 'inst|vga_pll_inst|altera_pll_i|general[2].gpll~PLL_OUTPUT_COUNTER|divclk'
Slack : 6.776
TNS   : 0.000

Type  : Slow 1100mV 85C Model Setup 'inst|vga_pll_inst|altera_pll_i|general[0].gpll~PLL_OUTPUT_COUNTER|divclk'
Slack : 33.891
TNS   : 0.000

Type  : Slow 1100mV 85C Model Hold 'inst9|pll_inst|altera_pll_i|general[1].gpll~PLL_OUTPUT_COUNTER|divclk'
Slack : 0.314
TNS   : 0.000

Type  : Slow 1100mV 85C Model Hold 'inst9|pll_inst|altera_pll_i|general[0].gpll~PLL_OUTPUT_COUNTER|divclk'
Slack : 0.319
TNS   : 0.000

Type  : Slow 1100mV 85C Model Hold 'inst|vga_pll_inst|altera_pll_i|general[0].gpll~PLL_OUTPUT_COUNTER|divclk'
Slack : 0.385
TNS   : 0.000

Type  : Slow 1100mV 85C Model Hold 'inst9|pll_inst|altera_pll_i|general[2].gpll~PLL_OUTPUT_COUNTER|divclk'
Slack : 8.382
TNS   : 0.000

Type  : Slow 1100mV 85C Model Hold 'inst|vga_pll_inst|altera_pll_i|general[1].gpll~PLL_OUTPUT_COUNTER|divclk'
Slack : 26.447
TNS   : 0.000

Type  : Slow 1100mV 85C Model Hold 'inst|vga_pll_inst|altera_pll_i|general[2].gpll~PLL_OUTPUT_COUNTER|divclk'
Slack : 28.336
TNS   : 0.000

Type  : Slow 1100mV 85C Model Minimum Pulse Width 'inst|vga_pll_inst|altera_pll_i|general[0].gpll~FRACTIONAL_PLL|vcoph[0]'
Slack : 0.325
TNS   : 0.000

Type  : Slow 1100mV 85C Model Minimum Pulse Width 'inst9|pll_inst|altera_pll_i|general[0].gpll~FRACTIONAL_PLL|vcoph[0]'
Slack : 0.793
TNS   : 0.000

Type  : Slow 1100mV 85C Model Minimum Pulse Width 'CLOCK_50'
Slack : 9.670
TNS   : 0.000

Type  : Slow 1100mV 85C Model Minimum Pulse Width 'CLOCK_50_2'
Slack : 9.670
TNS   : 0.000

Type  : Slow 1100mV 85C Model Minimum Pulse Width 'inst9|pll_inst|altera_pll_i|general[0].gpll~PLL_OUTPUT_COUNTER|divclk'
Slack : 13.026
TNS   : 0.000

Type  : Slow 1100mV 85C Model Minimum Pulse Width 'inst9|pll_inst|altera_pll_i|general[2].gpll~PLL_OUTPUT_COUNTER|divclk'
Slack : 13.040
TNS   : 0.000

Type  : Slow 1100mV 85C Model Minimum Pulse Width 'inst9|pll_inst|altera_pll_i|general[1].gpll~PLL_OUTPUT_COUNTER|divclk'
Slack : 13.058
TNS   : 0.000

Type  : Slow 1100mV 85C Model Minimum Pulse Width 'inst|vga_pll_inst|altera_pll_i|general[1].gpll~PLL_OUTPUT_COUNTER|divclk'
Slack : 18.627
TNS   : 0.000

Type  : Slow 1100mV 85C Model Minimum Pulse Width 'inst|vga_pll_inst|altera_pll_i|general[2].gpll~PLL_OUTPUT_COUNTER|divclk'
Slack : 18.662
TNS   : 0.000

Type  : Slow 1100mV 85C Model Minimum Pulse Width 'inst|vga_pll_inst|altera_pll_i|general[0].gpll~PLL_OUTPUT_COUNTER|divclk'
Slack : 19.180
TNS   : 0.000

Type  : Slow 1100mV 0C Model Setup 'inst9|pll_inst|altera_pll_i|general[0].gpll~PLL_OUTPUT_COUNTER|divclk'
Slack : -6.146
TNS   : -12.285

Type  : Slow 1100mV 0C Model Setup 'inst9|pll_inst|altera_pll_i|general[2].gpll~PLL_OUTPUT_COUNTER|divclk'
Slack : -0.196
TNS   : -0.365

Type  : Slow 1100mV 0C Model Setup 'inst9|pll_inst|altera_pll_i|general[1].gpll~PLL_OUTPUT_COUNTER|divclk'
Slack : 4.391
TNS   : 0.000

Type  : Slow 1100mV 0C Model Setup 'inst|vga_pll_inst|altera_pll_i|general[1].gpll~PLL_OUTPUT_COUNTER|divclk'
Slack : 4.420
TNS   : 0.000

Type  : Slow 1100mV 0C Model Setup 'inst|vga_pll_inst|altera_pll_i|general[2].gpll~PLL_OUTPUT_COUNTER|divclk'
Slack : 6.909
TNS   : 0.000

Type  : Slow 1100mV 0C Model Setup 'inst|vga_pll_inst|altera_pll_i|general[0].gpll~PLL_OUTPUT_COUNTER|divclk'
Slack : 34.084
TNS   : 0.000

Type  : Slow 1100mV 0C Model Hold 'inst9|pll_inst|altera_pll_i|general[0].gpll~PLL_OUTPUT_COUNTER|divclk'
Slack : 0.296
TNS   : 0.000

Type  : Slow 1100mV 0C Model Hold 'inst9|pll_inst|altera_pll_i|general[1].gpll~PLL_OUTPUT_COUNTER|divclk'
Slack : 0.305
TNS   : 0.000

Type  : Slow 1100mV 0C Model Hold 'inst|vga_pll_inst|altera_pll_i|general[0].gpll~PLL_OUTPUT_COUNTER|divclk'
Slack : 0.385
TNS   : 0.000

Type  : Slow 1100mV 0C Model Hold 'inst9|pll_inst|altera_pll_i|general[2].gpll~PLL_OUTPUT_COUNTER|divclk'
Slack : 8.317
TNS   : 0.000

Type  : Slow 1100mV 0C Model Hold 'inst|vga_pll_inst|altera_pll_i|general[1].gpll~PLL_OUTPUT_COUNTER|divclk'
Slack : 26.398
TNS   : 0.000

Type  : Slow 1100mV 0C Model Hold 'inst|vga_pll_inst|altera_pll_i|general[2].gpll~PLL_OUTPUT_COUNTER|divclk'
Slack : 28.369
TNS   : 0.000

Type  : Slow 1100mV 0C Model Minimum Pulse Width 'inst|vga_pll_inst|altera_pll_i|general[0].gpll~FRACTIONAL_PLL|vcoph[0]'
Slack : 0.325
TNS   : 0.000

Type  : Slow 1100mV 0C Model Minimum Pulse Width 'inst9|pll_inst|altera_pll_i|general[0].gpll~FRACTIONAL_PLL|vcoph[0]'
Slack : 0.793
TNS   : 0.000

Type  : Slow 1100mV 0C Model Minimum Pulse Width 'CLOCK_50'
Slack : 9.673
TNS   : 0.000

Type  : Slow 1100mV 0C Model Minimum Pulse Width 'CLOCK_50_2'
Slack : 9.673
TNS   : 0.000

Type  : Slow 1100mV 0C Model Minimum Pulse Width 'inst9|pll_inst|altera_pll_i|general[0].gpll~PLL_OUTPUT_COUNTER|divclk'
Slack : 12.997
TNS   : 0.000

Type  : Slow 1100mV 0C Model Minimum Pulse Width 'inst9|pll_inst|altera_pll_i|general[2].gpll~PLL_OUTPUT_COUNTER|divclk'
Slack : 13.004
TNS   : 0.000

Type  : Slow 1100mV 0C Model Minimum Pulse Width 'inst9|pll_inst|altera_pll_i|general[1].gpll~PLL_OUTPUT_COUNTER|divclk'
Slack : 13.018
TNS   : 0.000

Type  : Slow 1100mV 0C Model Minimum Pulse Width 'inst|vga_pll_inst|altera_pll_i|general[1].gpll~PLL_OUTPUT_COUNTER|divclk'
Slack : 18.598
TNS   : 0.000

Type  : Slow 1100mV 0C Model Minimum Pulse Width 'inst|vga_pll_inst|altera_pll_i|general[2].gpll~PLL_OUTPUT_COUNTER|divclk'
Slack : 18.619
TNS   : 0.000

Type  : Slow 1100mV 0C Model Minimum Pulse Width 'inst|vga_pll_inst|altera_pll_i|general[0].gpll~PLL_OUTPUT_COUNTER|divclk'
Slack : 19.105
TNS   : 0.000

Type  : Fast 1100mV 85C Model Setup 'inst9|pll_inst|altera_pll_i|general[0].gpll~PLL_OUTPUT_COUNTER|divclk'
Slack : -3.638
TNS   : -7.273

Type  : Fast 1100mV 85C Model Setup 'inst9|pll_inst|altera_pll_i|general[2].gpll~PLL_OUTPUT_COUNTER|divclk'
Slack : 2.348
TNS   : 0.000

Type  : Fast 1100mV 85C Model Setup 'inst|vga_pll_inst|altera_pll_i|general[1].gpll~PLL_OUTPUT_COUNTER|divclk'
Slack : 8.012
TNS   : 0.000

Type  : Fast 1100mV 85C Model Setup 'inst9|pll_inst|altera_pll_i|general[1].gpll~PLL_OUTPUT_COUNTER|divclk'
Slack : 8.093
TNS   : 0.000

Type  : Fast 1100mV 85C Model Setup 'inst|vga_pll_inst|altera_pll_i|general[2].gpll~PLL_OUTPUT_COUNTER|divclk'
Slack : 8.942
TNS   : 0.000

Type  : Fast 1100mV 85C Model Setup 'inst|vga_pll_inst|altera_pll_i|general[0].gpll~PLL_OUTPUT_COUNTER|divclk'
Slack : 36.102
TNS   : 0.000

Type  : Fast 1100mV 85C Model Hold 'inst9|pll_inst|altera_pll_i|general[1].gpll~PLL_OUTPUT_COUNTER|divclk'
Slack : 0.175
TNS   : 0.000

Type  : Fast 1100mV 85C Model Hold 'inst9|pll_inst|altera_pll_i|general[0].gpll~PLL_OUTPUT_COUNTER|divclk'
Slack : 0.183
TNS   : 0.000

Type  : Fast 1100mV 85C Model Hold 'inst|vga_pll_inst|altera_pll_i|general[0].gpll~PLL_OUTPUT_COUNTER|divclk'
Slack : 0.210
TNS   : 0.000

Type  : Fast 1100mV 85C Model Hold 'inst9|pll_inst|altera_pll_i|general[2].gpll~PLL_OUTPUT_COUNTER|divclk'
Slack : 8.196
TNS   : 0.000

Type  : Fast 1100mV 85C Model Hold 'inst|vga_pll_inst|altera_pll_i|general[1].gpll~PLL_OUTPUT_COUNTER|divclk'
Slack : 26.570
TNS   : 0.000

Type  : Fast 1100mV 85C Model Hold 'inst|vga_pll_inst|altera_pll_i|general[2].gpll~PLL_OUTPUT_COUNTER|divclk'
Slack : 27.765
TNS   : 0.000

Type  : Fast 1100mV 85C Model Minimum Pulse Width 'inst|vga_pll_inst|altera_pll_i|general[0].gpll~FRACTIONAL_PLL|vcoph[0]'
Slack : 0.325
TNS   : 0.000

Type  : Fast 1100mV 85C Model Minimum Pulse Width 'inst9|pll_inst|altera_pll_i|general[0].gpll~FRACTIONAL_PLL|vcoph[0]'
Slack : 0.793
TNS   : 0.000

Type  : Fast 1100mV 85C Model Minimum Pulse Width 'CLOCK_50'
Slack : 9.336
TNS   : 0.000

Type  : Fast 1100mV 85C Model Minimum Pulse Width 'CLOCK_50_2'
Slack : 9.336
TNS   : 0.000

Type  : Fast 1100mV 85C Model Minimum Pulse Width 'inst9|pll_inst|altera_pll_i|general[0].gpll~PLL_OUTPUT_COUNTER|divclk'
Slack : 13.158
TNS   : 0.000

Type  : Fast 1100mV 85C Model Minimum Pulse Width 'inst9|pll_inst|altera_pll_i|general[2].gpll~PLL_OUTPUT_COUNTER|divclk'
Slack : 13.164
TNS   : 0.000

Type  : Fast 1100mV 85C Model Minimum Pulse Width 'inst9|pll_inst|altera_pll_i|general[1].gpll~PLL_OUTPUT_COUNTER|divclk'
Slack : 13.175
TNS   : 0.000

Type  : Fast 1100mV 85C Model Minimum Pulse Width 'inst|vga_pll_inst|altera_pll_i|general[1].gpll~PLL_OUTPUT_COUNTER|divclk'
Slack : 18.751
TNS   : 0.000

Type  : Fast 1100mV 85C Model Minimum Pulse Width 'inst|vga_pll_inst|altera_pll_i|general[2].gpll~PLL_OUTPUT_COUNTER|divclk'
Slack : 18.780
TNS   : 0.000

Type  : Fast 1100mV 85C Model Minimum Pulse Width 'inst|vga_pll_inst|altera_pll_i|general[0].gpll~PLL_OUTPUT_COUNTER|divclk'
Slack : 19.438
TNS   : 0.000

Type  : Fast 1100mV 0C Model Setup 'inst9|pll_inst|altera_pll_i|general[0].gpll~PLL_OUTPUT_COUNTER|divclk'
Slack : -3.329
TNS   : -6.655

Type  : Fast 1100mV 0C Model Setup 'inst9|pll_inst|altera_pll_i|general[2].gpll~PLL_OUTPUT_COUNTER|divclk'
Slack : 2.596
TNS   : 0.000

Type  : Fast 1100mV 0C Model Setup 'inst|vga_pll_inst|altera_pll_i|general[1].gpll~PLL_OUTPUT_COUNTER|divclk'
Slack : 8.428
TNS   : 0.000

Type  : Fast 1100mV 0C Model Setup 'inst9|pll_inst|altera_pll_i|general[1].gpll~PLL_OUTPUT_COUNTER|divclk'
Slack : 8.675
TNS   : 0.000

Type  : Fast 1100mV 0C Model Setup 'inst|vga_pll_inst|altera_pll_i|general[2].gpll~PLL_OUTPUT_COUNTER|divclk'
Slack : 9.268
TNS   : 0.000

Type  : Fast 1100mV 0C Model Setup 'inst|vga_pll_inst|altera_pll_i|general[0].gpll~PLL_OUTPUT_COUNTER|divclk'
Slack : 36.457
TNS   : 0.000

Type  : Fast 1100mV 0C Model Hold 'inst9|pll_inst|altera_pll_i|general[1].gpll~PLL_OUTPUT_COUNTER|divclk'
Slack : 0.165
TNS   : 0.000

Type  : Fast 1100mV 0C Model Hold 'inst9|pll_inst|altera_pll_i|general[0].gpll~PLL_OUTPUT_COUNTER|divclk'
Slack : 0.172
TNS   : 0.000

Type  : Fast 1100mV 0C Model Hold 'inst|vga_pll_inst|altera_pll_i|general[0].gpll~PLL_OUTPUT_COUNTER|divclk'
Slack : 0.196
TNS   : 0.000

Type  : Fast 1100mV 0C Model Hold 'inst9|pll_inst|altera_pll_i|general[2].gpll~PLL_OUTPUT_COUNTER|divclk'
Slack : 8.119
TNS   : 0.000

Type  : Fast 1100mV 0C Model Hold 'inst|vga_pll_inst|altera_pll_i|general[1].gpll~PLL_OUTPUT_COUNTER|divclk'
Slack : 26.491
TNS   : 0.000

Type  : Fast 1100mV 0C Model Hold 'inst|vga_pll_inst|altera_pll_i|general[2].gpll~PLL_OUTPUT_COUNTER|divclk'
Slack : 27.675
TNS   : 0.000

Type  : Fast 1100mV 0C Model Minimum Pulse Width 'inst|vga_pll_inst|altera_pll_i|general[0].gpll~FRACTIONAL_PLL|vcoph[0]'
Slack : 0.325
TNS   : 0.000

Type  : Fast 1100mV 0C Model Minimum Pulse Width 'inst9|pll_inst|altera_pll_i|general[0].gpll~FRACTIONAL_PLL|vcoph[0]'
Slack : 0.793
TNS   : 0.000

Type  : Fast 1100mV 0C Model Minimum Pulse Width 'CLOCK_50'
Slack : 9.286
TNS   : 0.000

Type  : Fast 1100mV 0C Model Minimum Pulse Width 'CLOCK_50_2'
Slack : 9.286
TNS   : 0.000

Type  : Fast 1100mV 0C Model Minimum Pulse Width 'inst9|pll_inst|altera_pll_i|general[0].gpll~PLL_OUTPUT_COUNTER|divclk'
Slack : 13.161
TNS   : 0.000

Type  : Fast 1100mV 0C Model Minimum Pulse Width 'inst9|pll_inst|altera_pll_i|general[2].gpll~PLL_OUTPUT_COUNTER|divclk'
Slack : 13.165
TNS   : 0.000

Type  : Fast 1100mV 0C Model Minimum Pulse Width 'inst9|pll_inst|altera_pll_i|general[1].gpll~PLL_OUTPUT_COUNTER|divclk'
Slack : 13.178
TNS   : 0.000

Type  : Fast 1100mV 0C Model Minimum Pulse Width 'inst|vga_pll_inst|altera_pll_i|general[1].gpll~PLL_OUTPUT_COUNTER|divclk'
Slack : 18.754
TNS   : 0.000

Type  : Fast 1100mV 0C Model Minimum Pulse Width 'inst|vga_pll_inst|altera_pll_i|general[2].gpll~PLL_OUTPUT_COUNTER|divclk'
Slack : 18.778
TNS   : 0.000

Type  : Fast 1100mV 0C Model Minimum Pulse Width 'inst|vga_pll_inst|altera_pll_i|general[0].gpll~PLL_OUTPUT_COUNTER|divclk'
Slack : 19.430
TNS   : 0.000

------------------------------------------------------------
