Flow report for scp
Wed May 30 17:32:13 2018
Quartus Prime Version 17.1.0 Build 590 10/25/2017 SJ Lite Edition


---------------------
; Table of Contents ;
---------------------
  1. Legal Notice
  2. Flow Summary
  3. Flow Settings
  4. Flow Non-Default Global Settings
  5. Flow Elapsed Time
  6. Flow OS Summary
  7. Flow Log
  8. Flow Messages
  9. Flow Suppressed Messages



----------------
; Legal Notice ;
----------------
Copyright (C) 2017  Intel Corporation. All rights reserved.
Your use of Intel Corporation's design tools, logic functions 
and other software and tools, and its AMPP partner logic 
functions, and any output files from any of the foregoing 
(including device programming or simulation files), and any 
associated documentation or information are expressly subject 
to the terms and conditions of the Intel Program License 
Subscription Agreement, the Intel Quartus Prime License Agreement,
the Intel FPGA IP License Agreement, or other applicable license
agreement, including, without limitation, that your use is for
the sole purpose of programming logic devices manufactured by
Intel and sold by Intel or its authorized distributors.  Please
refer to the applicable agreement for further details.



+-------------------------------------------------------------------------------+
; Flow Summary                                                                  ;
+---------------------------------+---------------------------------------------+
; Flow Status                     ; Successful - Wed May 30 17:32:13 2018       ;
; Quartus Prime Version           ; 17.1.0 Build 590 10/25/2017 SJ Lite Edition ;
; Revision Name                   ; scp                                         ;
; Top-level Entity Name           ; scp                                         ;
; Family                          ; Cyclone V                                   ;
; Device                          ; 5CSEMA4U23C6                                ;
; Timing Models                   ; Final                                       ;
; Logic utilization (in ALMs)     ; 359 / 15,880 ( 2 % )                        ;
; Total registers                 ; 134                                         ;
; Total pins                      ; 14 / 314 ( 4 % )                            ;
; Total virtual pins              ; 0                                           ;
; Total block memory bits         ; 562,336 / 2,764,800 ( 20 % )                ;
; Total DSP Blocks                ; 1 / 84 ( 1 % )                              ;
; Total HSSI RX PCSs              ; 0                                           ;
; Total HSSI PMA RX Deserializers ; 0                                           ;
; Total HSSI TX PCSs              ; 0                                           ;
; Total HSSI PMA TX Serializers   ; 0                                           ;
; Total PLLs                      ; 1 / 5 ( 20 % )                              ;
; Total DLLs                      ; 0 / 4 ( 0 % )                               ;
+---------------------------------+---------------------------------------------+


+-----------------------------------------+
; Flow Settings                           ;
+-------------------+---------------------+
; Option            ; Setting             ;
+-------------------+---------------------+
; Start date & time ; 05/30/2018 16:25:57 ;
; Main task         ; Compilation         ;
; Revision Name     ; scp                 ;
+-------------------+---------------------+


+-----------------------------------------------------------------------------------------------------------------------------+
; Flow Non-Default Global Settings                                                                                            ;
+-------------------------------------+----------------------------------------+---------------+-------------+----------------+
; Assignment Name                     ; Value                                  ; Default Value ; Entity Name ; Section Id     ;
+-------------------------------------+----------------------------------------+---------------+-------------+----------------+
; COMPILER_SIGNATURE_ID               ; 247356951922156.152771915723865        ; --            ; --          ; --             ;
; EDA_OUTPUT_DATA_FORMAT              ; Verilog Hdl                            ; --            ; --          ; eda_simulation ;
; EDA_SIMULATION_TOOL                 ; ModelSim-Altera (Verilog)              ; <None>        ; --          ; --             ;
; EDA_TIME_SCALE                      ; 1 ps                                   ; --            ; --          ; eda_simulation ;
; MAX_CORE_JUNCTION_TEMP              ; 85                                     ; --            ; --          ; --             ;
; MIN_CORE_JUNCTION_TEMP              ; 0                                      ; --            ; --          ; --             ;
; MISC_FILE                           ; pll.cmp                                ; --            ; --          ; --             ;
; MISC_FILE                           ; pll_sim/pll.vo                         ; --            ; --          ; --             ;
; MISC_FILE                           ; ram/ram_mega.bsf                       ; --            ; --          ; --             ;
; MISC_FILE                           ; ram/ram_mega_bb.v                      ; --            ; --          ; --             ;
; MISC_FILE                           ; decode/rom_mega.bsf                    ; --            ; --          ; --             ;
; MISC_FILE                           ; decode/rom_mega_bb.v                   ; --            ; --          ; --             ;
; MISC_FILE                           ; mmu/page_table_mega.bsf                ; --            ; --          ; --             ;
; MISC_FILE                           ; mmu/page_table_mega_bb.v               ; --            ; --          ; --             ;
; NUM_PARALLEL_PROCESSORS             ; 4                                      ; --            ; --          ; --             ;
; PARTITION_COLOR                     ; -- (Not supported for targeted family) ; --            ; --          ; Top            ;
; PARTITION_FITTER_PRESERVATION_LEVEL ; -- (Not supported for targeted family) ; --            ; --          ; Top            ;
; PARTITION_NETLIST_TYPE              ; -- (Not supported for targeted family) ; --            ; --          ; Top            ;
; POWER_BOARD_THERMAL_MODEL           ; None (CONSERVATIVE)                    ; --            ; --          ; --             ;
; POWER_PRESET_COOLING_SOLUTION       ; 23 MM HEAT SINK WITH 200 LFPM AIRFLOW  ; --            ; --          ; --             ;
; PROJECT_OUTPUT_DIRECTORY            ; output_files                           ; --            ; --          ; --             ;
; SMART_RECOMPILE                     ; On                                     ; Off           ; --          ; --             ;
; SPD_FILE                            ; pll.spd                                ; --            ; --          ; --             ;
; SYNTHESIS_ONLY_QIP                  ; On                                     ; --            ; --          ; --             ;
+-------------------------------------+----------------------------------------+---------------+-------------+----------------+


+-------------------------------------------------------------------------------------------------------------------------------+
; Flow Elapsed Time                                                                                                             ;
+---------------------------+--------------+-------------------------+---------------------+------------------------------------+
; Module Name               ; Elapsed Time ; Average Processors Used ; Peak Virtual Memory ; Total CPU Time (on all processors) ;
+---------------------------+--------------+-------------------------+---------------------+------------------------------------+
; Analysis & Synthesis      ; 00:00:23     ; 1.0                     ; 1087 MB             ; 00:00:49                           ;
; Fitter                    ; 00:01:24     ; 1.2                     ; 2290 MB             ; 00:03:07                           ;
; Assembler                 ; 00:00:06     ; 1.0                     ; 987 MB              ; 00:00:07                           ;
; TimeQuest Timing Analyzer ; 00:00:13     ; 2.0                     ; 1221 MB             ; 00:00:22                           ;
; EDA Netlist Writer        ; 00:00:02     ; 1.0                     ; 1220 MB             ; 00:00:02                           ;
; MIF/HEX Update            ; 00:00:05     ; 1.0                     ; 1288 MB             ; 00:00:05                           ;
; Assembler                 ; 00:00:07     ; 1.0                     ; 977 MB              ; 00:00:07                           ;
; EDA Netlist Writer        ; 00:00:03     ; 1.0                     ; 1222 MB             ; 00:00:02                           ;
; MIF/HEX Update            ; 00:00:04     ; 1.0                     ; 1290 MB             ; 00:00:04                           ;
; MIF/HEX Update            ; 00:00:04     ; 1.0                     ; 1290 MB             ; 00:00:04                           ;
; Assembler                 ; 00:00:07     ; 1.0                     ; 976 MB              ; 00:00:07                           ;
; EDA Netlist Writer        ; 00:00:02     ; 1.0                     ; 1224 MB             ; 00:00:02                           ;
; MIF/HEX Update            ; 00:00:05     ; 1.0                     ; 1293 MB             ; 00:00:04                           ;
; Assembler                 ; 00:00:07     ; 1.0                     ; 997 MB              ; 00:00:07                           ;
; EDA Netlist Writer        ; 00:00:03     ; 1.0                     ; 1227 MB             ; 00:00:02                           ;
; MIF/HEX Update            ; 00:00:04     ; 1.0                     ; 1294 MB             ; 00:00:04                           ;
; Assembler                 ; 00:00:07     ; 1.0                     ; 999 MB              ; 00:00:07                           ;
; EDA Netlist Writer        ; 00:00:02     ; 1.0                     ; 1228 MB             ; 00:00:02                           ;
; MIF/HEX Update            ; 00:00:04     ; 1.0                     ; 1296 MB             ; 00:00:04                           ;
; Assembler                 ; 00:00:07     ; 1.0                     ; 985 MB              ; 00:00:07                           ;
; EDA Netlist Writer        ; 00:00:03     ; 1.0                     ; 1229 MB             ; 00:00:02                           ;
; MIF/HEX Update            ; 00:00:04     ; 1.0                     ; 1299 MB             ; 00:00:04                           ;
; Assembler                 ; 00:00:07     ; 1.0                     ; 985 MB              ; 00:00:07                           ;
; EDA Netlist Writer        ; 00:00:02     ; 1.0                     ; 1232 MB             ; 00:00:03                           ;
; MIF/HEX Update            ; 00:00:06     ; 1.0                     ; 1304 MB             ; 00:00:06                           ;
; Assembler                 ; 00:00:10     ; 1.0                     ; 990 MB              ; 00:00:09                           ;
; EDA Netlist Writer        ; 00:00:02     ; 1.0                     ; 1233 MB             ; 00:00:02                           ;
; MIF/HEX Update            ; 00:00:04     ; 1.0                     ; 1303 MB             ; 00:00:04                           ;
; Assembler                 ; 00:00:08     ; 1.0                     ; 984 MB              ; 00:00:08                           ;
; EDA Netlist Writer        ; 00:00:03     ; 1.0                     ; 1235 MB             ; 00:00:02                           ;
; MIF/HEX Update            ; 00:00:05     ; 1.0                     ; 1307 MB             ; 00:00:04                           ;
; Assembler                 ; 00:00:07     ; 1.0                     ; 996 MB              ; 00:00:08                           ;
; EDA Netlist Writer        ; 00:00:02     ; 1.0                     ; 1238 MB             ; 00:00:02                           ;
; MIF/HEX Update            ; 00:00:04     ; 1.0                     ; 1310 MB             ; 00:00:04                           ;
; Assembler                 ; 00:00:08     ; 1.0                     ; 1012 MB             ; 00:00:08                           ;
; EDA Netlist Writer        ; 00:00:02     ; 1.0                     ; 1240 MB             ; 00:00:02                           ;
; MIF/HEX Update            ; 00:00:05     ; 1.0                     ; 1312 MB             ; 00:00:04                           ;
; Assembler                 ; 00:00:08     ; 1.0                     ; 991 MB              ; 00:00:08                           ;
; EDA Netlist Writer        ; 00:00:03     ; 1.0                     ; 1242 MB             ; 00:00:02                           ;
; MIF/HEX Update            ; 00:00:05     ; 1.0                     ; 1315 MB             ; 00:00:05                           ;
; Assembler                 ; 00:00:09     ; 1.0                     ; 1008 MB             ; 00:00:09                           ;
; EDA Netlist Writer        ; 00:00:03     ; 1.0                     ; 1243 MB             ; 00:00:03                           ;
; MIF/HEX Update            ; 00:00:05     ; 1.0                     ; 1316 MB             ; 00:00:05                           ;
; Assembler                 ; 00:00:09     ; 1.0                     ; 1002 MB             ; 00:00:09                           ;
; EDA Netlist Writer        ; 00:00:03     ; 1.0                     ; 1246 MB             ; 00:00:03                           ;
; MIF/HEX Update            ; 00:00:04     ; 1.0                     ; 1318 MB             ; 00:00:04                           ;
; Assembler                 ; 00:00:08     ; 1.0                     ; 996 MB              ; 00:00:08                           ;
; EDA Netlist Writer        ; 00:00:03     ; 1.0                     ; 1248 MB             ; 00:00:03                           ;
; MIF/HEX Update            ; 00:00:04     ; 1.0                     ; 1321 MB             ; 00:00:05                           ;
; Assembler                 ; 00:00:08     ; 1.0                     ; 1008 MB             ; 00:00:08                           ;
; EDA Netlist Writer        ; 00:00:03     ; 1.0                     ; 1250 MB             ; 00:00:03                           ;
; MIF/HEX Update            ; 00:00:05     ; 1.0                     ; 1327 MB             ; 00:00:05                           ;
; Assembler                 ; 00:00:08     ; 1.0                     ; 1022 MB             ; 00:00:08                           ;
; EDA Netlist Writer        ; 00:00:02     ; 1.0                     ; 1252 MB             ; 00:00:03                           ;
; Total                     ; 00:06:11     ; --                      ; --                  ; 00:08:25                           ;
+---------------------------+--------------+-------------------------+---------------------+------------------------------------+


+--------------------------------------------------------------------------------------------+
; Flow OS Summary                                                                            ;
+---------------------------+-------------------+--------------+------------+----------------+
; Module Name               ; Machine Hostname  ; OS Name      ; OS Version ; Processor type ;
+---------------------------+-------------------+--------------+------------+----------------+
; Analysis & Synthesis      ; ubuntu-MacBookPro ; Ubuntu 18.04 ; 18         ; x86_64         ;
; Fitter                    ; ubuntu-MacBookPro ; Ubuntu 18.04 ; 18         ; x86_64         ;
; Assembler                 ; ubuntu-MacBookPro ; Ubuntu 18.04 ; 18         ; x86_64         ;
; TimeQuest Timing Analyzer ; ubuntu-MacBookPro ; Ubuntu 18.04 ; 18         ; x86_64         ;
; EDA Netlist Writer        ; ubuntu-MacBookPro ; Ubuntu 18.04 ; 18         ; x86_64         ;
; MIF/HEX Update            ; ubuntu-MacBookPro ; Ubuntu 18.04 ; 18         ; x86_64         ;
; Assembler                 ; ubuntu-MacBookPro ; Ubuntu 18.04 ; 18         ; x86_64         ;
; EDA Netlist Writer        ; ubuntu-MacBookPro ; Ubuntu 18.04 ; 18         ; x86_64         ;
; MIF/HEX Update            ; ubuntu-MacBookPro ; Ubuntu 18.04 ; 18         ; x86_64         ;
; MIF/HEX Update            ; ubuntu-MacBookPro ; Ubuntu 18.04 ; 18         ; x86_64         ;
; Assembler                 ; ubuntu-MacBookPro ; Ubuntu 18.04 ; 18         ; x86_64         ;
; EDA Netlist Writer        ; ubuntu-MacBookPro ; Ubuntu 18.04 ; 18         ; x86_64         ;
; MIF/HEX Update            ; ubuntu-MacBookPro ; Ubuntu 18.04 ; 18         ; x86_64         ;
; Assembler                 ; ubuntu-MacBookPro ; Ubuntu 18.04 ; 18         ; x86_64         ;
; EDA Netlist Writer        ; ubuntu-MacBookPro ; Ubuntu 18.04 ; 18         ; x86_64         ;
; MIF/HEX Update            ; ubuntu-MacBookPro ; Ubuntu 18.04 ; 18         ; x86_64         ;
; Assembler                 ; ubuntu-MacBookPro ; Ubuntu 18.04 ; 18         ; x86_64         ;
; EDA Netlist Writer        ; ubuntu-MacBookPro ; Ubuntu 18.04 ; 18         ; x86_64         ;
; MIF/HEX Update            ; ubuntu-MacBookPro ; Ubuntu 18.04 ; 18         ; x86_64         ;
; Assembler                 ; ubuntu-MacBookPro ; Ubuntu 18.04 ; 18         ; x86_64         ;
; EDA Netlist Writer        ; ubuntu-MacBookPro ; Ubuntu 18.04 ; 18         ; x86_64         ;
; MIF/HEX Update            ; ubuntu-MacBookPro ; Ubuntu 18.04 ; 18         ; x86_64         ;
; Assembler                 ; ubuntu-MacBookPro ; Ubuntu 18.04 ; 18         ; x86_64         ;
; EDA Netlist Writer        ; ubuntu-MacBookPro ; Ubuntu 18.04 ; 18         ; x86_64         ;
; MIF/HEX Update            ; ubuntu-MacBookPro ; Ubuntu 18.04 ; 18         ; x86_64         ;
; Assembler                 ; ubuntu-MacBookPro ; Ubuntu 18.04 ; 18         ; x86_64         ;
; EDA Netlist Writer        ; ubuntu-MacBookPro ; Ubuntu 18.04 ; 18         ; x86_64         ;
; MIF/HEX Update            ; ubuntu-MacBookPro ; Ubuntu 18.04 ; 18         ; x86_64         ;
; Assembler                 ; ubuntu-MacBookPro ; Ubuntu 18.04 ; 18         ; x86_64         ;
; EDA Netlist Writer        ; ubuntu-MacBookPro ; Ubuntu 18.04 ; 18         ; x86_64         ;
; MIF/HEX Update            ; ubuntu-MacBookPro ; Ubuntu 18.04 ; 18         ; x86_64         ;
; Assembler                 ; ubuntu-MacBookPro ; Ubuntu 18.04 ; 18         ; x86_64         ;
; EDA Netlist Writer        ; ubuntu-MacBookPro ; Ubuntu 18.04 ; 18         ; x86_64         ;
; MIF/HEX Update            ; ubuntu-MacBookPro ; Ubuntu 18.04 ; 18         ; x86_64         ;
; Assembler                 ; ubuntu-MacBookPro ; Ubuntu 18.04 ; 18         ; x86_64         ;
; EDA Netlist Writer        ; ubuntu-MacBookPro ; Ubuntu 18.04 ; 18         ; x86_64         ;
; MIF/HEX Update            ; ubuntu-MacBookPro ; Ubuntu 18.04 ; 18         ; x86_64         ;
; Assembler                 ; ubuntu-MacBookPro ; Ubuntu 18.04 ; 18         ; x86_64         ;
; EDA Netlist Writer        ; ubuntu-MacBookPro ; Ubuntu 18.04 ; 18         ; x86_64         ;
; MIF/HEX Update            ; ubuntu-MacBookPro ; Ubuntu 18.04 ; 18         ; x86_64         ;
; Assembler                 ; ubuntu-MacBookPro ; Ubuntu 18.04 ; 18         ; x86_64         ;
; EDA Netlist Writer        ; ubuntu-MacBookPro ; Ubuntu 18.04 ; 18         ; x86_64         ;
; MIF/HEX Update            ; ubuntu-MacBookPro ; Ubuntu 18.04 ; 18         ; x86_64         ;
; Assembler                 ; ubuntu-MacBookPro ; Ubuntu 18.04 ; 18         ; x86_64         ;
; EDA Netlist Writer        ; ubuntu-MacBookPro ; Ubuntu 18.04 ; 18         ; x86_64         ;
; MIF/HEX Update            ; ubuntu-MacBookPro ; Ubuntu 18.04 ; 18         ; x86_64         ;
; Assembler                 ; ubuntu-MacBookPro ; Ubuntu 18.04 ; 18         ; x86_64         ;
; EDA Netlist Writer        ; ubuntu-MacBookPro ; Ubuntu 18.04 ; 18         ; x86_64         ;
; MIF/HEX Update            ; ubuntu-MacBookPro ; Ubuntu 18.04 ; 18         ; x86_64         ;
; Assembler                 ; ubuntu-MacBookPro ; Ubuntu 18.04 ; 18         ; x86_64         ;
; EDA Netlist Writer        ; ubuntu-MacBookPro ; Ubuntu 18.04 ; 18         ; x86_64         ;
; MIF/HEX Update            ; ubuntu-MacBookPro ; Ubuntu 18.04 ; 18         ; x86_64         ;
; Assembler                 ; ubuntu-MacBookPro ; Ubuntu 18.04 ; 18         ; x86_64         ;
; EDA Netlist Writer        ; ubuntu-MacBookPro ; Ubuntu 18.04 ; 18         ; x86_64         ;
+---------------------------+-------------------+--------------+------------+----------------+


------------
; Flow Log ;
------------
quartus_map --read_settings_files=on --write_settings_files=off scp -c scp
quartus_fit --read_settings_files=off --write_settings_files=off scp -c scp
quartus_asm --read_settings_files=off --write_settings_files=off scp -c scp
quartus_sta scp -c scp
quartus_eda --read_settings_files=off --write_settings_files=off scp -c scp
quartus_cdb scp -c scp --update_mif
quartus_asm --read_settings_files=on --write_settings_files=off scp -c scp
quartus_eda --read_settings_files=off --write_settings_files=off scp -c scp
quartus_cdb scp -c scp --update_mif
quartus_cdb scp -c scp --update_mif
quartus_asm --read_settings_files=on --write_settings_files=off scp -c scp
quartus_eda --read_settings_files=off --write_settings_files=off scp -c scp
quartus_cdb scp -c scp --update_mif
quartus_asm --read_settings_files=on --write_settings_files=off scp -c scp
quartus_eda --read_settings_files=off --write_settings_files=off scp -c scp
quartus_cdb scp -c scp --update_mif
quartus_asm --read_settings_files=on --write_settings_files=off scp -c scp
quartus_eda --read_settings_files=off --write_settings_files=off scp -c scp
quartus_cdb scp -c scp --update_mif
quartus_asm --read_settings_files=on --write_settings_files=off scp -c scp
quartus_eda --read_settings_files=off --write_settings_files=off scp -c scp
quartus_cdb scp -c scp --update_mif
quartus_asm --read_settings_files=on --write_settings_files=off scp -c scp
quartus_eda --read_settings_files=off --write_settings_files=off scp -c scp
quartus_cdb scp -c scp --update_mif
quartus_asm --read_settings_files=on --write_settings_files=off scp -c scp
quartus_eda --read_settings_files=off --write_settings_files=off scp -c scp
quartus_cdb scp -c scp --update_mif
quartus_asm --read_settings_files=on --write_settings_files=off scp -c scp
quartus_eda --read_settings_files=off --write_settings_files=off scp -c scp
quartus_cdb scp -c scp --update_mif
quartus_asm --read_settings_files=on --write_settings_files=off scp -c scp
quartus_eda --read_settings_files=off --write_settings_files=off scp -c scp
quartus_cdb scp -c scp --update_mif
quartus_asm --read_settings_files=on --write_settings_files=off scp -c scp
quartus_eda --read_settings_files=off --write_settings_files=off scp -c scp
quartus_cdb scp -c scp --update_mif
quartus_asm --read_settings_files=on --write_settings_files=off scp -c scp
quartus_eda --read_settings_files=off --write_settings_files=off scp -c scp
quartus_cdb scp -c scp --update_mif
quartus_asm --read_settings_files=on --write_settings_files=off scp -c scp
quartus_eda --read_settings_files=off --write_settings_files=off scp -c scp
quartus_cdb scp -c scp --update_mif
quartus_asm --read_settings_files=on --write_settings_files=off scp -c scp
quartus_eda --read_settings_files=off --write_settings_files=off scp -c scp
quartus_cdb scp -c scp --update_mif
quartus_asm --read_settings_files=on --write_settings_files=off scp -c scp
quartus_eda --read_settings_files=off --write_settings_files=off scp -c scp
quartus_cdb scp -c scp --update_mif
quartus_asm --read_settings_files=on --write_settings_files=off scp -c scp
quartus_eda --read_settings_files=off --write_settings_files=off scp -c scp
quartus_cdb scp -c scp --update_mif
quartus_asm --read_settings_files=on --write_settings_files=off scp -c scp
quartus_eda --read_settings_files=off --write_settings_files=off scp -c scp



